{"categories":[{"color":"c3","count":1,"icon":"shopping-cart","id":9113,"name":"Groceries","parent_id":null,"pct":96.4,"total":120.0},{"color":"c2","count":1,"icon":"coffee","id":9116,"name":"Coffee","parent_id":9114,"pct":3.6,"total":4.5}],"flow":"spending","level":"sub","range":{"end":"2035-12-31","label":"Custom","name":"custom","prev_end":"2014-12-31","prev_start":"1994-01-01","start":"2015-01-01"},"total":124.5}
