{"end":"2035-12-31","expenses":1222.35,"income":900.0,"net":-322.35,"previous":{"end":"2014-12-31","expenses":0.0,"income":0.0,"net":0.0,"start":"1994-01-01","suggested":0,"transfers":0,"txn_count":0,"uncategorized":0},"range":{"end":"2035-12-31","label":"Custom","name":"custom","prev_end":"2014-12-31","prev_start":"1994-01-01","start":"2015-01-01"},"start":"2015-01-01","suggested":7,"transfers":1,"txn_count":22,"uncategorized":8}
