{"categories":[{"color":"c3","count":113,"icon":"shopping-cart","id":9113,"name":"Groceries","parent_id":null,"pct":55.0,"total":398.24},{"color":"muted","count":1,"icon":"help-circle","id":null,"name":"Uncategorized","parent_id":null,"pct":16.6,"total":120.0},{"color":"c10","count":1,"icon":"wallet","id":9160,"name":"Cash & ATM","parent_id":null,"pct":13.8,"total":100.0},{"color":"c9","count":1,"icon":"zap","id":9130,"name":"Electricity","parent_id":9129,"pct":13.2,"total":95.3},{"color":"c2","count":2,"icon":"coffee","id":9116,"name":"Coffee","parent_id":9114,"pct":1.5,"total":10.95}],"flow":"spending","level":"sub","range":{"end":"2035-12-31","label":"Custom","name":"custom","prev_end":"2014-12-31","prev_start":"1994-01-01","start":"2015-01-01"},"total":724.49}
