{"categories":[{"color":"c2","count":2,"icon":"utensils","id":9114,"name":"Dining","parent_id":null,"pct":60.9,"total":6000.0},{"color":"c6","count":1,"icon":"banknote","id":9105,"name":"Income","parent_id":null,"pct":25.4,"total":2500.0},{"color":"c10","count":2,"icon":"arrow-left-right","id":9110,"name":"Transfers","parent_id":null,"pct":10.7,"total":1050.0},{"color":"muted","count":1,"icon":"help-circle","id":null,"name":"Uncategorized","parent_id":null,"pct":3.0,"total":300.0}],"flow":"income","level":"top","range":{"end":"2035-12-31","label":"Custom","name":"custom","prev_end":"2014-12-31","prev_start":"1994-01-01","start":"2015-01-01"},"total":9850.0}
