{"flow":"income","merchants":[{"avg":3000.0,"category_id":9114,"count":2,"last_date":"2024-08-14","merchant_key":"SALARY","merchant_name":"Salary","pct":60.9,"sparkline":[0.0,0.0,0.0,0.0,0.0,0.0],"total":6000.0},{"avg":2500.0,"category_id":9106,"count":1,"last_date":"2024-08-02","merchant_key":"PAYROLL ACME CORP","merchant_name":"Payroll Acme Corp","pct":25.4,"sparkline":[0.0,0.0,0.0,0.0,0.0,0.0],"total":2500.0},{"avg":525.0,"category_id":9111,"count":2,"last_date":"2024-08-06","merchant_key":"CARD PAYMENT","merchant_name":"Card Payment","pct":10.7,"sparkline":[0.0,0.0,0.0,0.0,0.0,0.0],"total":1050.0},{"avg":300.0,"category_id":null,"count":1,"last_date":"2024-08-03","merchant_key":"CAPITAL ONE AUTOPAY","merchant_name":"Capital ONE Autopay","pct":3.0,"sparkline":[0.0,0.0,0.0,0.0,0.0,0.0],"total":300.0}],"range":{"end":"2035-12-31","label":"Custom","name":"custom","prev_end":"2014-12-31","prev_start":"1994-01-01","start":"2015-01-01"}}
